<!DOCTYPE html>
<html lang="en">
<head>
    <meta charset="UTF-8">
    <title>DataDict</title>

    <link rel="stylesheet" href="https://maxcdn.bootstrapcdn.com/bootstrap/3.3.7/css/bootstrap.min.css">
    <link rel="stylesheet" href="https://maxcdn.bootstrapcdn.com/bootstrap/3.3.7/css/bootstrap-theme.min.css">
    <script src="https://ajax.googleapis.com/ajax/libs/jquery/3.2.1/jquery.min.js"></script>
    <script src="https://maxcdn.bootstrapcdn.com/bootstrap/3.3.7/js/bootstrap.min.js"></script>

    <style>
    table {
        font-family: arial, sans-serif;
        border-collapse: collapse;
        width: 100%;
    }

    td, th {
        border: 1px solid #dddddd;
        text-align: left;
        padding: 8px;
    }

    tr:nth-child(even) {
        background-color: #F0F8FF;
    }

    .level1 {
        background-color: lightblue !important;
    }
    </style>
</head>
<body>

<div class="panel-group">
    
    <div class="panel level1">
        <div class="panel-heading">
            <h4>
                <a data-toggle="collapse" href="#collapse_test_db1" style="color: #333333 !important;">test_db1</a>
            </h4>
        </div>
        <div id="collapse_test_db1" class="panel-collapse collapse">
            <div class="panel-group" >
                
                <div class="panel panel-default">
                    
                    <div class="panel-heading">
                        <h4 class="panel-title">
                            <a data-toggle="collapse" href="#collapse_test_db1_test_col1">test_col1</a>
                        </h4>
                    </div>
                    <div id="collapse_test_db1_test_col1" class="panel-collapse collapse">
                    
                        <div class="panel-body">
                            <table>
                                <tr>
                                    
                                    <th style="text-align: left">Field_compact_name</th>
                                    
                                    <th style="text-align: left">Field_name</th>
                                    
                                    <th style="text-align: left">Full_name</th>
                                    
                                    <th style="text-align: left">Description</th>
                                    
                                    <th style="text-align: left">Count</th>
                                    
                                    <th style="text-align: left">Percentage</th>
                                    
                                    <th style="text-align: left">Types_count</th>
                                    
                                </tr>
                                
                                <tr>
                                    
                                    <td>_id</td>
                                    
                                    <td>_id</td>
                                    
                                    <td>None</td>
                                    
                                    <td>None</td>
                                    
                                    <td>25359</td>
                                    
                                    <td>100.0</td>
                                    
                                    <td>oid : 25359</td>
                                    
                                </tr>
                                
                                <tr>
                                    
                                    <td>address</td>
                                    
                                    <td>address</td>
                                    
                                    <td>None</td>
                                    
                                    <td>None</td>
                                    
                                    <td>25359</td>
                                    
                                    <td>100.0</td>
                                    
                                    <td>OBJECT : 25359</td>
                                    
                                </tr>
                                
                                <tr>
                                    
                                    <td> . building</td>
                                    
                                    <td>building</td>
                                    
                                    <td>None</td>
                                    
                                    <td>None</td>
                                    
                                    <td>25359</td>
                                    
                                    <td>100.0</td>
                                    
                                    <td>string : 25359</td>
                                    
                                </tr>
                                
                                <tr>
                                    
                                    <td> . coord</td>
                                    
                                    <td>coord</td>
                                    
                                    <td>None</td>
                                    
                                    <td>None</td>
                                    
                                    <td>25359</td>
                                    
                                    <td>100.0</td>
                                    
                                    <td>ARRAY(float : 50714, null : 2) : 25359</td>
                                    
                                </tr>
                                
                                <tr>
                                    
                                    <td> . street</td>
                                    
                                    <td>street</td>
                                    
                                    <td>None</td>
                                    
                                    <td>None</td>
                                    
                                    <td>25359</td>
                                    
                                    <td>100.0</td>
                                    
                                    <td>string : 25359</td>
                                    
                                </tr>
                                
                                <tr>
                                    
                                    <td> . zipcode</td>
                                    
                                    <td>zipcode</td>
                                    
                                    <td>None</td>
                                    
                                    <td>None</td>
                                    
                                    <td>25359</td>
                                    
                                    <td>100.0</td>
                                    
                                    <td>string : 25359</td>
                                    
                                </tr>
                                
                                <tr>
                                    
                                    <td>borough</td>
                                    
                                    <td>borough</td>
                                    
                                    <td>None</td>
                                    
                                    <td>None</td>
                                    
                                    <td>25359</td>
                                    
                                    <td>100.0</td>
                                    
                                    <td>string : 25359</td>
                                    
                                </tr>
                                
                                <tr>
                                    
                                    <td>cuisine</td>
                                    
                                    <td>cuisine</td>
                                    
                                    <td>None</td>
                                    
                                    <td>None</td>
                                    
                                    <td>25359</td>
                                    
                                    <td>100.0</td>
                                    
                                    <td>string : 25359</td>
                                    
                                </tr>
                                
                                <tr>
                                    
                                    <td>grades</td>
                                    
                                    <td>grades</td>
                                    
                                    <td>None</td>
                                    
                                    <td>None</td>
                                    
                                    <td>25359</td>
                                    
                                    <td>100.0</td>
                                    
                                    <td>ARRAY(OBJECT : 93463, null : 738) : 25359</td>
                                    
                                </tr>
                                
                                <tr>
                                    
                                    <td> : date</td>
                                    
                                    <td>date</td>
                                    
                                    <td>None</td>
                                    
                                    <td>None</td>
                                    
                                    <td>93463</td>
                                    
                                    <td>368.56</td>
                                    
                                    <td>date : 93463</td>
                                    
                                </tr>
                                
                                <tr>
                                    
                                    <td> : grade</td>
                                    
                                    <td>grade</td>
                                    
                                    <td>None</td>
                                    
                                    <td>None</td>
                                    
                                    <td>93463</td>
                                    
                                    <td>368.56</td>
                                    
                                    <td>string : 93463</td>
                                    
                                </tr>
                                
                                <tr>
                                    
                                    <td> : score</td>
                                    
                                    <td>score</td>
                                    
                                    <td>None</td>
                                    
                                    <td>None</td>
                                    
                                    <td>93463</td>
                                    
                                    <td>368.56</td>
                                    
                                    <td>integer : 93450, null : 13</td>
                                    
                                </tr>
                                
                                <tr>
                                    
                                    <td>name</td>
                                    
                                    <td>name</td>
                                    
                                    <td>None</td>
                                    
                                    <td>None</td>
                                    
                                    <td>25359</td>
                                    
                                    <td>100.0</td>
                                    
                                    <td>string : 25359</td>
                                    
                                </tr>
                                
                                <tr>
                                    
                                    <td>restaurant_id</td>
                                    
                                    <td>restaurant_id</td>
                                    
                                    <td>None</td>
                                    
                                    <td>None</td>
                                    
                                    <td>25359</td>
                                    
                                    <td>100.0</td>
                                    
                                    <td>string : 25359</td>
                                    
                                </tr>
                                
                            </table>
                        </div>
                    </div>
                </div>
                
                <div class="panel panel-default">
                    
                    <div class="panel-heading">
                        <h4 class="panel-title">
                            <a data-toggle="collapse" href="#collapse_test_db1_test_col2">test_col2</a>
                        </h4>
                    </div>
                    <div id="collapse_test_db1_test_col2" class="panel-collapse collapse">
                    
                        <div class="panel-body">
                            <table>
                                <tr>
                                    
                                    <th style="text-align: left">Field_compact_name</th>
                                    
                                    <th style="text-align: left">Field_name</th>
                                    
                                    <th style="text-align: left">Full_name</th>
                                    
                                    <th style="text-align: left">Description</th>
                                    
                                    <th style="text-align: left">Count</th>
                                    
                                    <th style="text-align: left">Percentage</th>
                                    
                                    <th style="text-align: left">Types_count</th>
                                    
                                </tr>
                                
                                <tr>
                                    
                                    <td>_id</td>
                                    
                                    <td>_id</td>
                                    
                                    <td>None</td>
                                    
                                    <td>None</td>
                                    
                                    <td>25359</td>
                                    
                                    <td>100.0</td>
                                    
                                    <td>oid : 25359</td>
                                    
                                </tr>
                                
                                <tr>
                                    
                                    <td>address</td>
                                    
                                    <td>address</td>
                                    
                                    <td>None</td>
                                    
                                    <td>None</td>
                                    
                                    <td>25359</td>
                                    
                                    <td>100.0</td>
                                    
                                    <td>OBJECT : 25359</td>
                                    
                                </tr>
                                
                                <tr>
                                    
                                    <td> . building</td>
                                    
                                    <td>building</td>
                                    
                                    <td>None</td>
                                    
                                    <td>None</td>
                                    
                                    <td>25359</td>
                                    
                                    <td>100.0</td>
                                    
                                    <td>string : 25359</td>
                                    
                                </tr>
                                
                                <tr>
                                    
                                    <td> . coord</td>
                                    
                                    <td>coord</td>
                                    
                                    <td>None</td>
                                    
                                    <td>None</td>
                                    
                                    <td>25359</td>
                                    
                                    <td>100.0</td>
                                    
                                    <td>ARRAY(float : 50714, null : 2) : 25359</td>
                                    
                                </tr>
                                
                                <tr>
                                    
                                    <td> . street</td>
                                    
                                    <td>street</td>
                                    
                                    <td>None</td>
                                    
                                    <td>None</td>
                                    
                                    <td>25359</td>
                                    
                                    <td>100.0</td>
                                    
                                    <td>string : 25359</td>
                                    
                                </tr>
                                
                                <tr>
                                    
                                    <td> . zipcode</td>
                                    
                                    <td>zipcode</td>
                                    
                                    <td>None</td>
                                    
                                    <td>None</td>
                                    
                                    <td>25359</td>
                                    
                                    <td>100.0</td>
                                    
                                    <td>string : 25359</td>
                                    
                                </tr>
                                
                                <tr>
                                    
                                    <td>borough</td>
                                    
                                    <td>borough</td>
                                    
                                    <td>None</td>
                                    
                                    <td>None</td>
                                    
                                    <td>25359</td>
                                    
                                    <td>100.0</td>
                                    
                                    <td>string : 25359</td>
                                    
                                </tr>
                                
                                <tr>
                                    
                                    <td>cuisine</td>
                                    
                                    <td>cuisine</td>
                                    
                                    <td>None</td>
                                    
                                    <td>None</td>
                                    
                                    <td>25359</td>
                                    
                                    <td>100.0</td>
                                    
                                    <td>string : 25359</td>
                                    
                                </tr>
                                
                                <tr>
                                    
                                    <td>grades</td>
                                    
                                    <td>grades</td>
                                    
                                    <td>None</td>
                                    
                                    <td>None</td>
                                    
                                    <td>25359</td>
                                    
                                    <td>100.0</td>
                                    
                                    <td>ARRAY(OBJECT : 93463, null : 738) : 25359</td>
                                    
                                </tr>
                                
                                <tr>
                                    
                                    <td> : date</td>
                                    
                                    <td>date</td>
                                    
                                    <td>None</td>
                                    
                                    <td>None</td>
                                    
                                    <td>93463</td>
                                    
                                    <td>368.56</td>
                                    
                                    <td>date : 93463</td>
                                    
                                </tr>
                                
                                <tr>
                                    
                                    <td> : grade</td>
                                    
                                    <td>grade</td>
                                    
                                    <td>None</td>
                                    
                                    <td>None</td>
                                    
                                    <td>93463</td>
                                    
                                    <td>368.56</td>
                                    
                                    <td>string : 93463</td>
                                    
                                </tr>
                                
                                <tr>
                                    
                                    <td> : score</td>
                                    
                                    <td>score</td>
                                    
                                    <td>None</td>
                                    
                                    <td>None</td>
                                    
                                    <td>93463</td>
                                    
                                    <td>368.56</td>
                                    
                                    <td>integer : 93450, null : 13</td>
                                    
                                </tr>
                                
                                <tr>
                                    
                                    <td>name</td>
                                    
                                    <td>name</td>
                                    
                                    <td>None</td>
                                    
                                    <td>None</td>
                                    
                                    <td>25359</td>
                                    
                                    <td>100.0</td>
                                    
                                    <td>string : 25359</td>
                                    
                                </tr>
                                
                                <tr>
                                    
                                    <td>restaurant_id</td>
                                    
                                    <td>restaurant_id</td>
                                    
                                    <td>None</td>
                                    
                                    <td>None</td>
                                    
                                    <td>25359</td>
                                    
                                    <td>100.0</td>
                                    
                                    <td>string : 25359</td>
                                    
                                </tr>
                                
                            </table>
                        </div>
                    </div>
                </div>
                
            </div>
        </div>
    </div>
    
    <div class="panel level1">
        <div class="panel-heading">
            <h4>
                <a data-toggle="collapse" href="#collapse_test_db2" style="color: #333333 !important;">test_db2</a>
            </h4>
        </div>
        <div id="collapse_test_db2" class="panel-collapse collapse">
            <div class="panel-group" >
                
                <div class="panel panel-default">
                    
                    <div class="panel-heading">
                        <h4 class="panel-title">
                            <a data-toggle="collapse" href="#collapse_test_db2_test_col">test_col</a>
                        </h4>
                    </div>
                    <div id="collapse_test_db2_test_col" class="panel-collapse collapse">
                    
                        <div class="panel-body">
                            <table>
                                <tr>
                                    
                                    <th style="text-align: left">Field_compact_name</th>
                                    
                                    <th style="text-align: left">Field_name</th>
                                    
                                    <th style="text-align: left">Full_name</th>
                                    
                                    <th style="text-align: left">Description</th>
                                    
                                    <th style="text-align: left">Count</th>
                                    
                                    <th style="text-align: left">Percentage</th>
                                    
                                    <th style="text-align: left">Types_count</th>
                                    
                                </tr>
                                
                                <tr>
                                    
                                    <td>_id</td>
                                    
                                    <td>_id</td>
                                    
                                    <td>None</td>
                                    
                                    <td>None</td>
                                    
                                    <td>25359</td>
                                    
                                    <td>100.0</td>
                                    
                                    <td>oid : 25359</td>
                                    
                                </tr>
                                
                                <tr>
                                    
                                    <td>address</td>
                                    
                                    <td>address</td>
                                    
                                    <td>None</td>
                                    
                                    <td>None</td>
                                    
                                    <td>25359</td>
                                    
                                    <td>100.0</td>
                                    
                                    <td>OBJECT : 25359</td>
                                    
                                </tr>
                                
                                <tr>
                                    
                                    <td> . building</td>
                                    
                                    <td>building</td>
                                    
                                    <td>None</td>
                                    
                                    <td>None</td>
                                    
                                    <td>25359</td>
                                    
                                    <td>100.0</td>
                                    
                                    <td>string : 25359</td>
                                    
                                </tr>
                                
                                <tr>
                                    
                                    <td> . coord</td>
                                    
                                    <td>coord</td>
                                    
                                    <td>None</td>
                                    
                                    <td>None</td>
                                    
                                    <td>25359</td>
                                    
                                    <td>100.0</td>
                                    
                                    <td>ARRAY(float : 50714, null : 2) : 25359</td>
                                    
                                </tr>
                                
                                <tr>
                                    
                                    <td> . street</td>
                                    
                                    <td>street</td>
                                    
                                    <td>None</td>
                                    
                                    <td>None</td>
                                    
                                    <td>25359</td>
                                    
                                    <td>100.0</td>
                                    
                                    <td>string : 25359</td>
                                    
                                </tr>
                                
                                <tr>
                                    
                                    <td> . zipcode</td>
                                    
                                    <td>zipcode</td>
                                    
                                    <td>None</td>
                                    
                                    <td>None</td>
                                    
                                    <td>25359</td>
                                    
                                    <td>100.0</td>
                                    
                                    <td>string : 25359</td>
                                    
                                </tr>
                                
                                <tr>
                                    
                                    <td>borough</td>
                                    
                                    <td>borough</td>
                                    
                                    <td>None</td>
                                    
                                    <td>None</td>
                                    
                                    <td>25359</td>
                                    
                                    <td>100.0</td>
                                    
                                    <td>string : 25359</td>
                                    
                                </tr>
                                
                                <tr>
                                    
                                    <td>cuisine</td>
                                    
                                    <td>cuisine</td>
                                    
                                    <td>None</td>
                                    
                                    <td>None</td>
                                    
                                    <td>25359</td>
                                    
                                    <td>100.0</td>
                                    
                                    <td>string : 25359</td>
                                    
                                </tr>
                                
                                <tr>
                                    
                                    <td>grades</td>
                                    
                                    <td>grades</td>
                                    
                                    <td>None</td>
                                    
                                    <td>None</td>
                                    
                                    <td>25359</td>
                                    
                                    <td>100.0</td>
                                    
                                    <td>ARRAY(OBJECT : 93463, null : 738) : 25359</td>
                                    
                                </tr>
                                
                                <tr>
                                    
                                    <td> : date</td>
                                    
                                    <td>date</td>
                                    
                                    <td>None</td>
                                    
                                    <td>None</td>
                                    
                                    <td>93463</td>
                                    
                                    <td>368.56</td>
                                    
                                    <td>date : 93463</td>
                                    
                                </tr>
                                
                                <tr>
                                    
                                    <td> : grade</td>
                                    
                                    <td>grade</td>
                                    
                                    <td>None</td>
                                    
                                    <td>None</td>
                                    
                                    <td>93463</td>
                                    
                                    <td>368.56</td>
                                    
                                    <td>string : 93463</td>
                                    
                                </tr>
                                
                                <tr>
                                    
                                    <td> : score</td>
                                    
                                    <td>score</td>
                                    
                                    <td>None</td>
                                    
                                    <td>None</td>
                                    
                                    <td>93463</td>
                                    
                                    <td>368.56</td>
                                    
                                    <td>integer : 93450, null : 13</td>
                                    
                                </tr>
                                
                                <tr>
                                    
                                    <td>name</td>
                                    
                                    <td>name</td>
                                    
                                    <td>None</td>
                                    
                                    <td>None</td>
                                    
                                    <td>25359</td>
                                    
                                    <td>100.0</td>
                                    
                                    <td>string : 25359</td>
                                    
                                </tr>
                                
                                <tr>
                                    
                                    <td>restaurant_id</td>
                                    
                                    <td>restaurant_id</td>
                                    
                                    <td>None</td>
                                    
                                    <td>None</td>
                                    
                                    <td>25359</td>
                                    
                                    <td>100.0</td>
                                    
                                    <td>string : 25359</td>
                                    
                                </tr>
                                
                            </table>
                        </div>
                    </div>
                </div>
                
            </div>
        </div>
    </div>
    
</div>

</body>
</html>