
### Database: test_db1
--- Collection: test_col1 
Field_compact_name Field_name        Count    Percentage Types_count                                  
_id                _id              25359    100.0       oid : 25359                                 
address            address          25359    100.0       OBJECT : 25359                              
 . building        building         25359    100.0       string : 25359                              
 . coord           coord            25359    100.0       ARRAY(float : 50714, null : 2) : 25359      
 . street          street           25359    100.0       string : 25359                              
 . zipcode         zipcode          25359    100.0       string : 25359                              
borough            borough          25359    100.0       string : 25359                              
cuisine            cuisine          25359    100.0       string : 25359                              
grades             grades           25359    100.0       ARRAY(OBJECT : 93463, null : 738) : 25359   
 : date            date             93463    368.56      date : 93463                                
 : grade           grade            93463    368.56      string : 93463                              
 : score           score            93463    368.56      integer : 93450, null : 13                  
name               name             25359    100.0       string : 25359                              
restaurant_id      restaurant_id    25359    100.0       string : 25359

--- Collection: test_col2 
Field_compact_name Field_name        Count    Percentage Types_count                                  
_id                _id              25359    100.0       oid : 25359                                 
address            address          25359    100.0       OBJECT : 25359                              
 . building        building         25359    100.0       string : 25359                              
 . coord           coord            25359    100.0       ARRAY(float : 50714, null : 2) : 25359      
 . street          street           25359    100.0       string : 25359                              
 . zipcode         zipcode          25359    100.0       string : 25359                              
borough            borough          25359    100.0       string : 25359                              
cuisine            cuisine          25359    100.0       string : 25359                              
grades             grades           25359    100.0       ARRAY(OBJECT : 93463, null : 738) : 25359   
 : date            date             93463    368.56      date : 93463                                
 : grade           grade            93463    368.56      string : 93463                              
 : score           score            93463    368.56      integer : 93450, null : 13                  
name               name             25359    100.0       string : 25359                              
restaurant_id      restaurant_id    25359    100.0       string : 25359


### Database: test_db2
--- Collection: test_col 
Field_compact_name Field_name        Count    Percentage Types_count                                  
_id                _id              25359    100.0       oid : 25359                                 
address            address          25359    100.0       OBJECT : 25359                              
 . building        building         25359    100.0       string : 25359                              
 . coord           coord            25359    100.0       ARRAY(float : 50714, null : 2) : 25359      
 . street          street           25359    100.0       string : 25359                              
 . zipcode         zipcode          25359    100.0       string : 25359                              
borough            borough          25359    100.0       string : 25359                              
cuisine            cuisine          25359    100.0       string : 25359                              
grades             grades           25359    100.0       ARRAY(OBJECT : 93463, null : 738) : 25359   
 : date            date             93463    368.56      date : 93463                                
 : grade           grade            93463    368.56      string : 93463                              
 : score           score            93463    368.56      integer : 93450, null : 13                  
name               name             25359    100.0       string : 25359                              
restaurant_id      restaurant_id    25359    100.0       string : 25359

